[backblue.gif]
[fade.gif]
[index.html]
[www.construprefabricadas.com/images/home/construp.ico]
[www.construprefabricadas.com/images/logo_construcciones_prefabricadas.png]
[www.construprefabricadas.com/images/whatsapp.png]
[www.construprefabricadas.com/images/facebook-circle.png]
[www.construprefabricadas.com/images/show/825048937.jpg]
[www.construprefabricadas.com/images/show/417984223.jpg]
[www.construprefabricadas.com/images/show/304292814.jpg]
[www.construprefabricadas.com/images/show/277888923.jpg]
[www.construprefabricadas.com/images/show/671416060.jpg]
[www.construprefabricadas.com/images/anim/video_team.jpg]
[www.construprefabricadas.com/images/anim/play.png]
[www.construprefabricadas.com/images/anim/constructor.jpg]
[www.construprefabricadas.com/images/thumb/347555516.jpg]
[www.construprefabricadas.com/images/thumb/2116686051.7ef087c5-4991-4f64-9021-02694f0aa0c5.jpg]
[www.construprefabricadas.com/images/thumb/1130931314.jpg]
[www.construprefabricadas.com/images/thumb/2086299282.jpeg]
[www.construprefabricadas.com/images/thumb/1616280153.jpg]
[www.construprefabricadas.com/images/thumb/1330646228.jpg]
[www.construprefabricadas.com/images/anim/carretilla.jpg]
[www.construprefabricadas.com/index.html]
[www.construprefabricadas.com/includes/bootstrap4/css/bootstrap.min.css]
[www.construprefabricadas.com/includes/global_new.css]
[www.construprefabricadas.com/images/bg-a.png]
[www.construprefabricadas.com/includes/home_newf9e3.css]
[www.construprefabricadas.com/includes/jquery.bxslider/images/bx_loader.gif]
[www.construprefabricadas.com/includes/jquery.bxslider/images/mycontrols.png]
[www.construprefabricadas.com/includes/jquery.bxslider/jquery.bxslider.css]
[www.construprefabricadas.com/includes/jquery.bxslider/images/controls.png]
[www.construprefabricadas.com/images/show/categoria_288797329.jpg]
[www.construprefabricadas.com/images/show/categoria_368839292.jpg]
[www.construprefabricadas.com/images/show/categoria_295794091.jpg]
[www.construprefabricadas.com/images/show/categoria_1185233330.jpeg]
[www.construprefabricadas.com/proyectos.html]
[www.construprefabricadas.com/images/show/categoria_1438394108.jpg]
[www.construprefabricadas.com/images/columna1.png]
[www.construprefabricadas.com/servicios.html]
[www.construprefabricadas.com/images/loseta_prefabricada.png]
[www.construprefabricadas.com/images/bgcompania.gif]
[www.construprefabricadas.com/compania.html]
[www.construprefabricadas.com/contactenos.html]
[www.construprefabricadas.com/images/bgcontactenos.gif]
[www.construprefabricadas.com/images/thumb/825048937.jpg]
[www.construprefabricadas.com/images/thumb/1295354823.jpg]
[www.construprefabricadas.com/images/thumb/1479935028.jpg]
[www.construprefabricadas.com/images/thumb/1266775843.jpg]
[www.construprefabricadas.com/images/thumb/1196324448.jpg]
[www.construprefabricadas.com/images/thumb/728237002.jpg]
[www.construprefabricadas.com/images/thumb/1155340230.jpg]
[www.construprefabricadas.com/images/thumb/1216288570.jpg]
[www.construprefabricadas.com/images/thumb/758947280.jpg]
[www.construprefabricadas.com/images/thumb/2053681347.jpg]
[www.construprefabricadas.com/images/thumb/752528438.jpg]
[www.construprefabricadas.com/images/thumb/702402746.jpg]
[www.construprefabricadas.com/images/thumb/1891533236.jpg]
[www.construprefabricadas.com/images/thumb/243634838.1a20c969-534e-4f1f-87c5-b755d3b99d08.jpg]
[www.construprefabricadas.com/images/thumb/800162141.jpg]
[www.construprefabricadas.com/images/thumb/1812997156.jpeg]
[www.construprefabricadas.com/images/thumb/304292814.jpg]
[www.construprefabricadas.com/proyectodac1.html]
[www.construprefabricadas.com/images/thumb/417984223.jpg]
[www.construprefabricadas.com/images/thumb/1408479048.jpg]
[www.construprefabricadas.com/images/thumb/1315424615.jpg]
[www.construprefabricadas.com/images/thumb/1875811813.jpg]
[www.construprefabricadas.com/images/thumb/1129021299.jpg]
[www.construprefabricadas.com/images/thumb/2113394596.jpg]
[www.construprefabricadas.com/images/thumb/1287163057.img-20151127-wa0018.jpg]
[www.construprefabricadas.com/images/thumb/1357539239.jpg]
[www.construprefabricadas.com/proyectoec28.html]
[www.construprefabricadas.com/images/thumb/2118486478.jpg]
[www.construprefabricadas.com/images/thumb/2130956608.jpg]
[www.construprefabricadas.com/images/thumb/548272196.jpg]
[www.construprefabricadas.com/images/thumb/393206658.jpg]
[www.construprefabricadas.com/images/thumb/1049505405.jpg]
[www.construprefabricadas.com/images/thumb/1999735602.jpg]
[www.construprefabricadas.com/images/thumb/585395059.jpg]
[www.construprefabricadas.com/images/thumb/1623559179.jpg]
[www.construprefabricadas.com/images/thumb/1917078738.jpg]
[www.construprefabricadas.com/images/thumb/1281374442.jpg]
[www.construprefabricadas.com/images/thumb/849329114.jpg]
[www.construprefabricadas.com/images/thumb/1673058465.jpg]
[www.construprefabricadas.com/images/thumb/1806484133.img-20160603-wa0000.jpg]
[www.construprefabricadas.com/images/thumb/1552750518.jpeg]
[www.construprefabricadas.com/images/thumb/787453310.jpg]
[www.construprefabricadas.com/proyectof8d4.html]
[www.construprefabricadas.com/images/thumb/55449434.jpg]
[www.construprefabricadas.com/images/thumb/277888923.jpg]
[www.construprefabricadas.com/images/thumb/1380534622.jpg]
[www.construprefabricadas.com/images/thumb/2135121568.jpg]
[www.construprefabricadas.com/images/thumb/1632302708.jpg]
[www.construprefabricadas.com/images/thumb/12873161.jpg]
[www.construprefabricadas.com/images/thumb/358930174.jpg]
[www.construprefabricadas.com/images/thumb/140399016.jpg]
[www.construprefabricadas.com/images/thumb/824835613.jpg]
[www.construprefabricadas.com/images/thumb/1736019255.jpg]
[www.construprefabricadas.com/images/thumb/1560719096.jpg]
[www.construprefabricadas.com/images/thumb/1647436938.jpg]
[www.construprefabricadas.com/images/thumb/646855699.jpg]
[www.construprefabricadas.com/proyecto004c.html]
[www.construprefabricadas.com/images/thumb/1119164745.jpg]
[www.construprefabricadas.com/images/thumb/671416060.jpg]
[www.construprefabricadas.com/images/thumb/1882339912.jpg]
[www.construprefabricadas.com/images/thumb/278577453.jpg]
[www.construprefabricadas.com/images/thumb/1388677156.jpg]
[www.construprefabricadas.com/images/thumb/1589334205.jpg]
[www.construprefabricadas.com/images/thumb/1207775436.jpg]
[www.construprefabricadas.com/images/thumb/1769204814.jpg]
[www.construprefabricadas.com/images/thumb/743324321.jpg]
[www.construprefabricadas.com/images/thumb/298800233.jpg]
[www.construprefabricadas.com/images/thumb/1440323139.jpg]
[www.construprefabricadas.com/images/thumb/903881479.jpg]
[www.construprefabricadas.com/images/thumb/983264299.jpg]
[www.construprefabricadas.com/proyecto0f0e.html]
[www.construprefabricadas.com/images/thumb/754736122.jpg]
[www.construprefabricadas.com/images/thumb/1452871722.jpeg]
[www.construprefabricadas.com/images/thumb/1316624647.jpg]
[www.construprefabricadas.com/images/thumb/130906079.jfif]
[www.construprefabricadas.com/images/thumb/1409350464.jfif]
[www.construprefabricadas.com/images/thumb/423784528.jpg]
[www.construprefabricadas.com/images/thumb/123770264.jpg]
[www.construprefabricadas.com/images/thumb/287553167.jpg]
[www.construprefabricadas.com/images/thumb/2140739873.jpg]
[www.construprefabricadas.com/images/thumb/1621416896.jpg]
[www.construprefabricadas.com/images/thumb/1915629774.jpg]
[www.construprefabricadas.com/images/thumb/290030901.jpg]
[www.construprefabricadas.com/images/thumb/1313996592.jpg]
[www.construprefabricadas.com/images/thumb/414017551.jpeg]
[www.construprefabricadas.com/images/thumb/739391643.jpg]
[www.construprefabricadas.com/images/thumb/1759426683.jpg]
[www.construprefabricadas.com/images/thumb/697191749.jpg]
[www.construprefabricadas.com/images/thumb/664717106.jpg]
[www.construprefabricadas.com/images/thumb/1518747041.jpg]
[www.construprefabricadas.com/images/thumb/604582995.jpg]
[www.construprefabricadas.com/images/thumb/1769006230.jpg]
[www.construprefabricadas.com/images/thumb/1686745743.jpg]
[www.construprefabricadas.com/images/thumb/718719694.jpg]
[www.construprefabricadas.com/images/thumb/339800109.jpg]
[www.construprefabricadas.com/images/thumb/1874910672.jpg]
[www.construprefabricadas.com/images/thumb/655678319.jpg]
[www.construprefabricadas.com/images/thumb/1260479665.jpg]
[www.construprefabricadas.com/images/thumb/584581163.jpg]
[www.construprefabricadas.com/images/thumb/1512263167.jpg]
[www.construprefabricadas.com/images/thumb/164585476.jpg]
[www.construprefabricadas.com/images/thumb/1001650614.jpg]
[www.construprefabricadas.com/images/thumb/421344493.jpg]
[www.construprefabricadas.com/proyectoslist0b30.html]
[www.construprefabricadas.com/images/thumb/1666757248.jpeg]
[www.construprefabricadas.com/images/thumb/1298683560.jpg]
[www.construprefabricadas.com/images/thumb/248928698.jpeg]
[www.construprefabricadas.com/images/thumb/1856564229.jpg]
[www.construprefabricadas.com/images/thumb/1492442351.png]
[www.construprefabricadas.com/images/thumb/1270699282.jfif]
[www.construprefabricadas.com/images/thumb/1815954380.jpg]
[www.construprefabricadas.com/images/thumb/274034463.jpeg]
[www.construprefabricadas.com/images/thumb/2043756584.jpeg]
[www.construprefabricadas.com/images/thumb/258553572.jpeg]
[www.construprefabricadas.com/images/thumb/1161144252.jpg]
[www.construprefabricadas.com/images/thumb/401780524.jpg]
[www.construprefabricadas.com/images/thumb/1452695434.jpg]
[www.construprefabricadas.com/images/thumb/659769615.jpg]
[www.construprefabricadas.com/images/thumb/658961505.jpg]
[www.construprefabricadas.com/images/thumb/417436725.jpg]
[www.construprefabricadas.com/images/thumb/442935113.jpg]
[www.construprefabricadas.com/images/thumb/1389959447.jpg]
[www.construprefabricadas.com/images/thumb/1705130125.jpg]
[www.construprefabricadas.com/images/thumb/306625829.jpg]
[www.construprefabricadas.com/images/thumb/1296544906.jpg]
[www.construprefabricadas.com/images/thumb/1657004753.jpg]
[www.construprefabricadas.com/images/thumb/1333851522.jpg]
[www.construprefabricadas.com/images/thumb/1064872824.jpg]
[www.construprefabricadas.com/images/thumb/82032800.jpg]
[www.construprefabricadas.com/images/thumb/1730398207.jpg]
[www.construprefabricadas.com/images/thumb/1414685701.jpg]
[www.construprefabricadas.com/images/thumb/1657482537.jpg]
[www.construprefabricadas.com/images/thumb/1162029277.jpg]
[www.construprefabricadas.com/images/thumb/1401174099.jpg]
[www.construprefabricadas.com/images/thumb/493065022.jpg]
[www.construprefabricadas.com/images/thumb/1894926790.jpg]
[www.construprefabricadas.com/images/thumb/110050761.jpg]
[www.construprefabricadas.com/images/thumb/1602382373.jpg]
[www.construprefabricadas.com/images/thumb/1904874026.jpg]
[www.construprefabricadas.com/images/thumb/700529876.jpg]
[www.construprefabricadas.com/images/thumb/1746711739.jpg]
[www.construprefabricadas.com/images/thumb/762711096.jpg]
[www.construprefabricadas.com/images/thumb/1466579659.jpg]
[www.construprefabricadas.com/images/thumb/1892921570.jpg]
[www.construprefabricadas.com/images/thumb/885052571.jpg]
[www.construprefabricadas.com/images/thumb/1400621515.png]
[www.construprefabricadas.com/images/thumb/289935845.png]
[www.construprefabricadas.com/images/thumb/1505075086.jpg]
[www.construprefabricadas.com/proyectoslistdcfd.html]
[www.construprefabricadas.com/images/thumb/95579166.jpg]
[www.construprefabricadas.com/images/thumb/1587270535.jpg]
[www.construprefabricadas.com/proyectoslist6258.html]
[www.construprefabricadas.com/images/thumb/946647969.punta roca 016.jpg]
[www.construprefabricadas.com/images/thumb/1434928596.jpg]
[www.construprefabricadas.com/proyectoslistd708.html]
[www.construprefabricadas.com/images/thumb/414544631.jpg]
[www.construprefabricadas.com/images/thumb/850767816.png]
[www.construprefabricadas.com/images/thumb/1027161379.jpg]
[www.construprefabricadas.com/images/thumb/1942585038.jpg]
[www.construprefabricadas.com/images/thumb/1829082461.jpeg]
[www.construprefabricadas.com/images/thumb/2105717172.imagen 157.jpg]
[www.construprefabricadas.com/images/thumb/683378319.whatsapp image 2016-11-03 at 8.20.00 am.jpeg]
[www.construprefabricadas.com/images/thumb/1733266648.img-20151009-wa0004.jpg]
[www.construprefabricadas.com/images/thumb/232218984.volcan2.jpg]
[www.construprefabricadas.com/images/thumb/1789852989.jpg]
[www.construprefabricadas.com/images/thumb/1449381730.jpg]
[www.construprefabricadas.com/images/thumb/267342187.jpg]
[www.construprefabricadas.com/images/thumb/1969752142.jpg]
[www.construprefabricadas.com/images/thumb/2094410727.jpg]
[www.construprefabricadas.com/images/thumb/759544759.jpg]
[www.construprefabricadas.com/images/thumb/794339051.jpg]
[www.construprefabricadas.com/proyectoslist681a.html]
[www.construprefabricadas.com/images/thumb/1454425159.jpg]
[www.construprefabricadas.com/images/thumb/2123070996.jpeg]
[www.construprefabricadas.com/proyectoslist2e5f.html]
[www.construprefabricadas.com/images/show/347555516.jpg]
[www.construprefabricadas.com/images/thumb/1160927548.jpg]
[www.construprefabricadas.com/images/thumb/1379755636.jpg]
[www.construprefabricadas.com/images/thumb/1853150360.jpg]
[www.construprefabricadas.com/images/thumb/1470786027.jpg]
[www.construprefabricadas.com/images/thumb/719739143.jpg]
[www.construprefabricadas.com/images/thumb/2085542508.jpg]
[www.construprefabricadas.com/images/thumb/1016127319.jpg]
[www.construprefabricadas.com/images/thumb/409164390.jpg]
[www.construprefabricadas.com/proyecto132f.html]
[www.construprefabricadas.com/images/thumb/703823845.jpg]
[www.construprefabricadas.com/images/show/2116686051.7ef087c5-4991-4f64-9021-02694f0aa0c5.jpg]
[www.construprefabricadas.com/images/thumb/668711015.6ed9a9e4-e009-48d8-b79c-5046b4f72fd0.jpg]
[www.construprefabricadas.com/proyecto8aa8.html]
[www.construprefabricadas.com/images/show/1130931314.jpg]
[www.construprefabricadas.com/proyecto76a2.html]
[www.construprefabricadas.com/images/thumb/983370000.jpg]
[www.construprefabricadas.com/images/show/2086299282.jpeg]
[www.construprefabricadas.com/images/thumb/898751985.jpeg]
[www.construprefabricadas.com/images/thumb/588929850.jpeg]
[www.construprefabricadas.com/images/thumb/992478457.jpeg]
[www.construprefabricadas.com/images/thumb/2035125833.jpeg]
[www.construprefabricadas.com/proyecto1258.html]
[www.construprefabricadas.com/images/thumb/1036132594.jpeg]
[www.construprefabricadas.com/images/show/1616280153.jpg]
[www.construprefabricadas.com/images/thumb/615699678.jpg]
[www.construprefabricadas.com/images/thumb/960997939.jpg]
[www.construprefabricadas.com/images/thumb/1035315836.jpg]
[www.construprefabricadas.com/images/thumb/1612934029.jpg]
[www.construprefabricadas.com/proyecto1398.html]
[www.construprefabricadas.com/images/thumb/578044548.jpg]
[www.construprefabricadas.com/images/show/1330646228.jpg]
[www.construprefabricadas.com/images/thumb/1153130598.jpg]
[www.construprefabricadas.com/images/thumb/1173724270.jpg]
[www.construprefabricadas.com/images/thumb/308795378.jpg]
[www.construprefabricadas.com/proyecto7567.html]
[www.construprefabricadas.com/images/thumb/845470604.jpg]
[www.construprefabricadas.com/proyectoslistd41d.html]
[www.construprefabricadas.com/includes/jquery-1.12.4.min.js]
[www.construprefabricadas.com/includes/bootstrap4/js/bootstrap.min.js]
[www.construprefabricadas.com/includes/jquery.bxslider/jquery.bxslider.min.js]
[www.construprefabricadas.com/boxVideo.html]
[www.construprefabricadas.com/images/bgpagina.html]
[www.construprefabricadas.com/images/bulletrojo.html]
[www.construprefabricadas.com/images/pieimage.html]
[www.construprefabricadas.com/includes/proyectos.css]
[www.construprefabricadas.com/images/show/categoria_713392583.html]
[www.construprefabricadas.com/includes/servicios.css]
[www.construprefabricadas.com/proyectos38ac.html]
[www.construprefabricadas.com/includes/contactenos.css]
[www.construprefabricadas.com/showImagef1c4.html]
[www.construprefabricadas.com/images/loading.html]
[www.construprefabricadas.com/showGalleryPutComment.html]
[www.construprefabricadas.com/index-2.html]
[www.construprefabricadas.com/images/show/1891533236.jpg]
[www.construprefabricadas.com/images/thumb/1800400759.jpg]
[www.construprefabricadas.com/proyecto48db.html]
[www.construprefabricadas.com/images/thumb/1699984603.jpg]
[www.construprefabricadas.com/images/show/243634838.1a20c969-534e-4f1f-87c5-b755d3b99d08.jpg]
[www.construprefabricadas.com/images/thumb/1121648746.5cecf42b-98ab-4991-9d96-98b2e6200cd4.jpg]
[www.construprefabricadas.com/images/thumb/235322833.7ae214c4-cad3-4f5f-b291-7104d8b769fa.jpg]
[www.construprefabricadas.com/images/thumb/802888690.934f06c1-75d4-49e9-b5be-5c83124f2daf.jpg]
[www.construprefabricadas.com/proyecto3234.html]
[www.construprefabricadas.com/images/thumb/1550402818.c7c91263-ec13-4bd1-9322-b2b19f7c150c.jpg]
[www.construprefabricadas.com/images/show/800162141.jpg]
[www.construprefabricadas.com/images/thumb/405012243.jpg]
[www.construprefabricadas.com/images/thumb/1087006202.jpg]
[www.construprefabricadas.com/images/thumb/2080264241.jpg]
[www.construprefabricadas.com/images/thumb/1239365056.jpg]
[www.construprefabricadas.com/images/thumb/1571881804.jpg]
[www.construprefabricadas.com/images/thumb/297848122.jpg]
[www.construprefabricadas.com/proyecto3b75.html]
[www.construprefabricadas.com/images/thumb/442743509.jpg]
[www.construprefabricadas.com/images/show/1812997156.jpeg]
[www.construprefabricadas.com/images/thumb/553392294.jpeg]
[www.construprefabricadas.com/images/thumb/1622194290.jpeg]
[www.construprefabricadas.com/images/thumb/1975347572.jpeg]
[www.construprefabricadas.com/images/thumb/1764161733.jpeg]
[www.construprefabricadas.com/images/thumb/393520939.jfif]
[www.construprefabricadas.com/proyectoa7a0.html]
[www.construprefabricadas.com/images/thumb/817420489.jpg]
[www.construprefabricadas.com/images/show/2113394596.jpg]
[www.construprefabricadas.com/images/thumb/327870683.jpg]
[www.construprefabricadas.com/images/thumb/313372438.jpg]
[www.construprefabricadas.com/proyecto1e35.html]
[www.construprefabricadas.com/images/thumb/897025714.jpg]
[www.construprefabricadas.com/images/show/1287163057.img-20151127-wa0018.jpg]
[www.construprefabricadas.com/images/thumb/2130969731.img-20151127-wa0020.jpg]
[www.construprefabricadas.com/proyecto1a85.html]
[www.construprefabricadas.com/images/show/1357539239.jpg]
[www.construprefabricadas.com/images/thumb/603813297.jpg]
[www.construprefabricadas.com/images/thumb/1655640657.jpg]
[www.construprefabricadas.com/images/thumb/718881666.jpg]
[www.construprefabricadas.com/images/thumb/413199363.jpg]
[www.construprefabricadas.com/proyectod625.html]
[www.construprefabricadas.com/images/thumb/1754647467.jpg]
[www.construprefabricadas.com/proyecto0c98.html]
[www.construprefabricadas.com/images/show/1673058465.jpg]
[www.construprefabricadas.com/proyecto5aaa.html]
[www.construprefabricadas.com/images/show/1806484133.img-20160603-wa0000.jpg]
[www.construprefabricadas.com/images/thumb/884786067.img-20160613-wa0008.jpg]
[www.construprefabricadas.com/images/thumb/1735385188.img-20160613-wa0009.jpg]
[www.construprefabricadas.com/images/thumb/115028200.img-20160613-wa0011.jpg]
[www.construprefabricadas.com/images/thumb/890797775.img-20160613-wa0004.jpg]
[www.construprefabricadas.com/images/thumb/1721505235.plano.jpg]
[www.construprefabricadas.com/images/thumb/1399041008.img-20160613-wa0007.jpg]
[www.construprefabricadas.com/images/thumb/1576425146.img-20160613-wa0006.jpg]
[www.construprefabricadas.com/images/thumb/1084567245.img-20160613-wa0003.jpg]
[www.construprefabricadas.com/images/thumb/2023782369.img-20160613-wa0005.jpg]
[www.construprefabricadas.com/images/thumb/281204121.img-20160613-wa0010.jpg]
[www.construprefabricadas.com/proyecto2c6d.html]
[www.construprefabricadas.com/images/thumb/215217447.img-20160613-wa0002.jpg]
[www.construprefabricadas.com/images/show/1552750518.jpeg]
[www.construprefabricadas.com/images/thumb/426288941.jpeg]
[www.construprefabricadas.com/images/thumb/179602860.jpeg]
[www.construprefabricadas.com/images/thumb/90552706.jpeg]
[www.construprefabricadas.com/images/thumb/436096275.jpeg]
[www.construprefabricadas.com/images/thumb/2060057240.jpeg]
[www.construprefabricadas.com/images/thumb/114895790.jpeg]
[www.construprefabricadas.com/images/thumb/913504147.jpg]
[www.construprefabricadas.com/proyectod729.html]
[www.construprefabricadas.com/images/thumb/1548550117.png]
[www.construprefabricadas.com/images/show/787453310.jpg]
[www.construprefabricadas.com/images/thumb/571295745.jpg]
[www.construprefabricadas.com/images/thumb/1819867330.jpg]
[www.construprefabricadas.com/images/thumb/101849612.jpg]
[www.construprefabricadas.com/images/thumb/1700030239.jpg]
[www.construprefabricadas.com/images/thumb/1006375084.jpg]
[www.construprefabricadas.com/images/thumb/1411349962.jpg]
[www.construprefabricadas.com/images/thumb/1407991315.jpg]
[www.construprefabricadas.com/images/thumb/508615628.jpg]
[www.construprefabricadas.com/proyecto3ebc.html]
[www.construprefabricadas.com/images/thumb/179169451.jpg]
[www.construprefabricadas.com/images/show/55449434.jpg]
[www.construprefabricadas.com/images/thumb/548349136.jpg]
[www.construprefabricadas.com/images/thumb/1841855466.jpg]
[www.construprefabricadas.com/images/thumb/585980306.jpg]
[www.construprefabricadas.com/proyecto37ab.html]
[www.construprefabricadas.com/images/show/1560719096.jpg]
[www.construprefabricadas.com/proyectoe371.html]
[www.construprefabricadas.com/images/thumb/1369177495.jpg]
[www.construprefabricadas.com/images/show/1647436938.jpg]
[www.construprefabricadas.com/images/thumb/253706794.jpg]
[www.construprefabricadas.com/proyecto23df.html]
[www.construprefabricadas.com/images/thumb/2002725230.jpg]
[www.construprefabricadas.com/images/show/646855699.jpg]
[www.construprefabricadas.com/images/thumb/440685499.jpg]
[www.construprefabricadas.com/images/thumb/627046875.jpg]
[www.construprefabricadas.com/images/thumb/2055434537.jpg]
[www.construprefabricadas.com/images/thumb/1824199720.jpg]
[www.construprefabricadas.com/proyecto9537.html]
[www.construprefabricadas.com/images/thumb/1630641319.jpg]
[www.construprefabricadas.com/images/show/1119164745.jpg]
[www.construprefabricadas.com/images/thumb/424392090.jpg]
[www.construprefabricadas.com/images/thumb/34230443.jpg]
[www.construprefabricadas.com/proyecto084d.html]
[www.construprefabricadas.com/images/thumb/864680531.jpg]
[www.construprefabricadas.com/images/show/903881479.jpg]
[www.construprefabricadas.com/images/thumb/577173003.jpg]
[www.construprefabricadas.com/images/thumb/2068063102.jpg]
[www.construprefabricadas.com/images/thumb/182556929.jpg]
[www.construprefabricadas.com/images/thumb/1123357689.jpg]
[www.construprefabricadas.com/images/thumb/1747961809.jpg]
[www.construprefabricadas.com/images/thumb/113252616.jpg]
[www.construprefabricadas.com/images/thumb/799343883.jpg]
[www.construprefabricadas.com/images/thumb/614862704.jpg]
[www.construprefabricadas.com/proyecto2e5f.html]
[www.construprefabricadas.com/images/thumb/903421085.jpg]
[www.construprefabricadas.com/images/show/983264299.jpg]
[www.construprefabricadas.com/images/thumb/1012379202.jpg]
[www.construprefabricadas.com/images/thumb/127829190.jpg]
[www.construprefabricadas.com/images/thumb/43183475.jpg]
[www.construprefabricadas.com/images/thumb/811350752.jpg]
[www.construprefabricadas.com/images/thumb/1961319983.jpg]
[www.construprefabricadas.com/images/thumb/1302540149.jpeg]
[www.construprefabricadas.com/proyectodf0b.html]
[www.construprefabricadas.com/images/show/754736122.jpg]
[www.construprefabricadas.com/images/thumb/2016203048.jpg]
[www.construprefabricadas.com/proyecto9c8a.html]
[www.construprefabricadas.com/proyectoslist0b69.html]
[www.construprefabricadas.com/images/show/1452871722.jpeg]
[www.construprefabricadas.com/images/thumb/310705073.jpeg]
[www.construprefabricadas.com/images/thumb/1000024688.jpeg]
[www.construprefabricadas.com/images/thumb/229702709.jpeg]
[www.construprefabricadas.com/images/thumb/1306328979.jpeg]
[www.construprefabricadas.com/images/thumb/267165319.jpeg]
[www.construprefabricadas.com/images/thumb/616009987.jpeg]
[www.construprefabricadas.com/images/thumb/2146438195.jpeg]
[www.construprefabricadas.com/proyectoc572.html]
[www.construprefabricadas.com/images/show/1316624647.jpg]
[www.construprefabricadas.com/images/thumb/631335299.jpg]
[www.construprefabricadas.com/images/thumb/1440483387.jpg]
[www.construprefabricadas.com/images/thumb/2130823628.jfif]
[www.construprefabricadas.com/proyecto2497.html]
[www.construprefabricadas.com/images/show/130906079.jfif]
[www.construprefabricadas.com/images/thumb/426439589.jfif]
[www.construprefabricadas.com/images/thumb/83758132.jfif]
[www.construprefabricadas.com/images/thumb/914454494.jfif]
[www.construprefabricadas.com/images/thumb/666899266.jfif]
[www.construprefabricadas.com/proyecto4d23.html]
[www.construprefabricadas.com/images/thumb/48949925.jpg]
[www.construprefabricadas.com/images/show/1409350464.jfif]
[www.construprefabricadas.com/images/thumb/380510219.jfif]
[www.construprefabricadas.com/images/thumb/2904617.jfif]
[www.construprefabricadas.com/proyectoc7f4.html]
[www.construprefabricadas.com/images/thumb/1655349059.jfif]
[www.construprefabricadas.com/images/show/423784528.jpg]
[www.construprefabricadas.com/images/thumb/261746316.jpg]
[www.construprefabricadas.com/images/thumb/574973650.jpg]
[www.construprefabricadas.com/images/thumb/1807715662.jpeg]
[www.construprefabricadas.com/images/thumb/1149273452.jpg]
[www.construprefabricadas.com/images/thumb/1682364128.jpg]
[www.construprefabricadas.com/proyecto0985.html]
[www.construprefabricadas.com/images/thumb/327674622.jpg]
[www.construprefabricadas.com/images/show/123770264.jpg]
[www.construprefabricadas.com/images/thumb/1821282362.jpg]
[www.construprefabricadas.com/images/thumb/2035925209.jpg]
[www.construprefabricadas.com/images/thumb/955222080.jpg]
[www.construprefabricadas.com/images/thumb/1642629057.jpg]
[www.construprefabricadas.com/images/thumb/618621944.jpg]
[www.construprefabricadas.com/images/thumb/1355153381.jpg]
[www.construprefabricadas.com/images/thumb/1049051232.jpg]
[www.construprefabricadas.com/images/thumb/488967008.jpg]
[www.construprefabricadas.com/proyectoa6dd.html]
[www.construprefabricadas.com/images/thumb/57049753.jpg]
[www.construprefabricadas.com/images/show/287553167.jpg]
[www.construprefabricadas.com/images/thumb/1409932589.jpg]
[www.construprefabricadas.com/images/thumb/1502703973.jpg]
[www.construprefabricadas.com/proyecto6d44.html]
[www.construprefabricadas.com/images/thumb/1530344061.jpg]
[www.construprefabricadas.com/images/show/2140739873.jpg]
[www.construprefabricadas.com/images/thumb/561703884.jpg]
[www.construprefabricadas.com/images/thumb/1822903839.jpg]
[www.construprefabricadas.com/images/thumb/1720496607.jpg]
[www.construprefabricadas.com/images/thumb/1726090137.jpg]
[www.construprefabricadas.com/proyecto686a.html]
[www.construprefabricadas.com/images/thumb/1377470426.jpg]
[www.construprefabricadas.com/images/show/1621416896.jpg]
[www.construprefabricadas.com/images/thumb/1265404772.jpg]
[www.construprefabricadas.com/images/thumb/883968028.jpg]
[www.construprefabricadas.com/proyecto7e46.html]
[www.construprefabricadas.com/images/thumb/1316020815.jpg]
[www.construprefabricadas.com/images/show/1915629774.jpg]
[www.construprefabricadas.com/images/thumb/1462939726.jpg]
[www.construprefabricadas.com/images/thumb/1124584893.jpg]
[www.construprefabricadas.com/images/thumb/1307072478.jpg]
[www.construprefabricadas.com/images/thumb/664563425.jpg]
[www.construprefabricadas.com/images/thumb/149592715.jpg]
[www.construprefabricadas.com/proyectod9e6.html]
[www.construprefabricadas.com/images/thumb/462838521.jpg]
[www.construprefabricadas.com/images/show/290030901.jpg]
[www.construprefabricadas.com/images/thumb/9841487.jpg]
[www.construprefabricadas.com/images/thumb/146714748.jpg]
[www.construprefabricadas.com/proyectob4cd.html]
[www.construprefabricadas.com/images/thumb/1160909772.jpg]
[www.construprefabricadas.com/images/show/1313996592.jpg]
[www.construprefabricadas.com/images/thumb/1245252509.jpg]
[www.construprefabricadas.com/images/thumb/601124795.jpg]
[www.construprefabricadas.com/images/thumb/156370398.jpg]
[www.construprefabricadas.com/images/thumb/1761804688.jpg]
[www.construprefabricadas.com/images/thumb/288633368.jpeg]
[www.construprefabricadas.com/proyecto0d7d.html]
[www.construprefabricadas.com/images/thumb/501438658.jpg]
[www.construprefabricadas.com/images/show/414017551.jpeg]
[www.construprefabricadas.com/images/thumb/316396461.jpeg]
[www.construprefabricadas.com/images/thumb/1282415571.jpeg]
[www.construprefabricadas.com/proyecto5cee.html]
[www.construprefabricadas.com/images/thumb/1903519206.jpg]
[www.construprefabricadas.com/images/show/739391643.jpg]
[www.construprefabricadas.com/images/thumb/1442525117.jpg]
[www.construprefabricadas.com/images/thumb/249442280.jpg]
[www.construprefabricadas.com/proyectobce2.html]
[www.construprefabricadas.com/images/thumb/1070537875.jpg]
[www.construprefabricadas.com/images/show/1759426683.jpg]
[www.construprefabricadas.com/images/thumb/943248434.jpg]
[www.construprefabricadas.com/images/thumb/2009822509.jpg]
[www.construprefabricadas.com/proyectob3a3.html]
[www.construprefabricadas.com/images/thumb/1361442168.jpg]
[www.construprefabricadas.com/images/show/697191749.jpg]
[www.construprefabricadas.com/images/thumb/2120245569.jpg]
[www.construprefabricadas.com/images/thumb/1337459776.jpg]
[www.construprefabricadas.com/images/thumb/1355267301.jpg]
[www.construprefabricadas.com/images/thumb/1945134347.jpg]
[www.construprefabricadas.com/proyecto4c30.html]
[www.construprefabricadas.com/images/thumb/1830654802.jpg]
[www.construprefabricadas.com/images/show/664717106.jpg]
[www.construprefabricadas.com/images/thumb/140402963.jpg]
[www.construprefabricadas.com/images/thumb/1375780533.jpg]
[www.construprefabricadas.com/proyectob182.html]
[www.construprefabricadas.com/images/thumb/1025956492.jpg]
[www.construprefabricadas.com/images/show/1518747041.jpg]
[www.construprefabricadas.com/images/thumb/300328691.jpg]
[www.construprefabricadas.com/images/thumb/1976378517.jpg]
[www.construprefabricadas.com/images/thumb/718127696.jpg]
[www.construprefabricadas.com/images/thumb/519088318.jpg]
[www.construprefabricadas.com/proyectoacbf.html]
[www.construprefabricadas.com/images/thumb/779630581.jpg]
[www.construprefabricadas.com/images/show/604582995.jpg]
[www.construprefabricadas.com/images/thumb/471744689.jpg]
[www.construprefabricadas.com/images/thumb/971926775.jpg]
[www.construprefabricadas.com/images/thumb/319962547.jpg]
[www.construprefabricadas.com/images/thumb/282812365.jpg]
[www.construprefabricadas.com/proyecto0641.html]
[www.construprefabricadas.com/images/thumb/464536584.jpg]
[www.construprefabricadas.com/images/show/1769006230.jpg]
[www.construprefabricadas.com/images/thumb/324483369.jpg]
[www.construprefabricadas.com/images/thumb/960568439.jpg]
[www.construprefabricadas.com/images/thumb/701477870.jpg]
[www.construprefabricadas.com/proyecto9dbc.html]
[www.construprefabricadas.com/images/thumb/79296871.jpg]
[www.construprefabricadas.com/images/show/1686745743.jpg]
[www.construprefabricadas.com/images/thumb/406198318.jpg]
[www.construprefabricadas.com/images/thumb/407306405.jpg]
[www.construprefabricadas.com/proyecto47c2.html]
[www.construprefabricadas.com/images/thumb/1513034920.jpg]
[www.construprefabricadas.com/images/show/718719694.jpg]
[www.construprefabricadas.com/images/thumb/1732593967.jpg]
[www.construprefabricadas.com/proyecto1a6a.html]
[www.construprefabricadas.com/images/show/339800109.jpg]
[www.construprefabricadas.com/images/thumb/1298009919.jpg]
[www.construprefabricadas.com/images/thumb/1808723857.jpg]
[www.construprefabricadas.com/proyecto8431.html]
[www.construprefabricadas.com/images/show/1874910672.jpg]
[www.construprefabricadas.com/images/thumb/1403830863.jpg]
[www.construprefabricadas.com/images/thumb/423085625.jpg]
[www.construprefabricadas.com/images/thumb/1314512357.jpg]
[www.construprefabricadas.com/proyecto850a.html]
[www.construprefabricadas.com/images/show/655678319.jpg]
[www.construprefabricadas.com/images/thumb/1219931830.jpg]
[www.construprefabricadas.com/images/thumb/131433777.jpg]
[www.construprefabricadas.com/images/thumb/1169191744.jpg]
[www.construprefabricadas.com/images/thumb/1782822145.jpg]
[www.construprefabricadas.com/proyecto2568.html]
[www.construprefabricadas.com/images/thumb/1971153260.jpg]
[www.construprefabricadas.com/images/show/1260479665.jpg]
[www.construprefabricadas.com/images/thumb/2145430549.jpg]
[www.construprefabricadas.com/images/thumb/1025768772.jpg]
[www.construprefabricadas.com/proyectoab5e.html]
[www.construprefabricadas.com/images/thumb/1919786125.jpg]
[www.construprefabricadas.com/images/show/584581163.jpg]
[www.construprefabricadas.com/images/thumb/1778707182.jpg]
[www.construprefabricadas.com/images/thumb/365366715.jpg]
[www.construprefabricadas.com/proyectocdef.html]
[www.construprefabricadas.com/images/thumb/1073258751.jpg]
[www.construprefabricadas.com/images/show/1512263167.jpg]
[www.construprefabricadas.com/images/thumb/354561224.jpg]
[www.construprefabricadas.com/images/thumb/291346437.jpg]
[www.construprefabricadas.com/images/thumb/1637075699.jpg]
[www.construprefabricadas.com/images/thumb/1578563541.jpg]
[www.construprefabricadas.com/proyecto4411.html]
[www.construprefabricadas.com/images/thumb/1452635539.jpg]
[www.construprefabricadas.com/images/show/164585476.jpg]
[www.construprefabricadas.com/images/thumb/212142418.jpg]
[www.construprefabricadas.com/images/thumb/482144090.jpg]
[www.construprefabricadas.com/images/thumb/848957396.jpg]
[www.construprefabricadas.com/images/thumb/1096940287.jpg]
[www.construprefabricadas.com/proyecto8bcf.html]
[www.construprefabricadas.com/images/show/1001650614.jpg]
[www.construprefabricadas.com/images/thumb/2068305247.jpg]
[www.construprefabricadas.com/images/thumb/1708585929.jpg]
[www.construprefabricadas.com/images/thumb/1027624306.jpg]
[www.construprefabricadas.com/proyecto95dc.html]
[www.construprefabricadas.com/images/thumb/350162261.jpg]
[www.construprefabricadas.com/images/show/421344493.jpg]
[www.construprefabricadas.com/images/thumb/529241186.jpg]
[www.construprefabricadas.com/images/thumb/2086520363.jpg]
[www.construprefabricadas.com/proyectoa9bc.html]
[www.construprefabricadas.com/images/thumb/235968154.jpg]
[www.construprefabricadas.com/images/show/1666757248.jpeg]
[www.construprefabricadas.com/images/thumb/165920612.jpeg]
[www.construprefabricadas.com/images/thumb/1692209532.jpeg]
[www.construprefabricadas.com/images/thumb/1374605757.jpeg]
[www.construprefabricadas.com/images/thumb/189733017.jpeg]
[www.construprefabricadas.com/images/thumb/1611151927.jpeg]
[www.construprefabricadas.com/images/thumb/580329782.jpeg]
[www.construprefabricadas.com/images/thumb/1587660206.jpeg]
[www.construprefabricadas.com/proyecto67cd.html]
[www.construprefabricadas.com/images/thumb/242945391.jpeg]
[www.construprefabricadas.com/images/show/1298683560.jpg]
[www.construprefabricadas.com/images/thumb/164040496.jpg]
[www.construprefabricadas.com/images/thumb/877954739.jpg]
[www.construprefabricadas.com/images/thumb/1430481718.jpg]
[www.construprefabricadas.com/proyecto03ea.html]
[www.construprefabricadas.com/images/thumb/1180794745.jpeg]
[www.construprefabricadas.com/images/show/248928698.jpeg]
[www.construprefabricadas.com/images/thumb/1543955034.jpeg]
[www.construprefabricadas.com/images/thumb/146417394.jpeg]
[www.construprefabricadas.com/images/thumb/127264930.jpeg]
[www.construprefabricadas.com/images/thumb/1949608500.jpeg]
[www.construprefabricadas.com/images/thumb/70545746.jpeg]
[www.construprefabricadas.com/proyecto73ca.html]
[www.construprefabricadas.com/images/thumb/987013542.jpeg]
[www.construprefabricadas.com/images/show/1856564229.jpg]
[www.construprefabricadas.com/images/thumb/357728807.jpg]
[www.construprefabricadas.com/images/thumb/148641983.jpg]
[www.construprefabricadas.com/images/thumb/967367295.jpg]
[www.construprefabricadas.com/proyecto2e37.html]
[www.construprefabricadas.com/images/thumb/1304115988.jpg]
[www.construprefabricadas.com/images/show/1492442351.png]
[www.construprefabricadas.com/images/thumb/1655586154.png]
[www.construprefabricadas.com/images/thumb/1686077065.png]
[www.construprefabricadas.com/images/thumb/1584155390.png]
[www.construprefabricadas.com/images/thumb/1144282943.png]
[www.construprefabricadas.com/images/thumb/1081049772.png]
[www.construprefabricadas.com/images/thumb/1211744551.png]
[www.construprefabricadas.com/proyectocd1a.html]
[www.construprefabricadas.com/images/thumb/80708186.jpeg]
[www.construprefabricadas.com/images/show/1270699282.jfif]
[www.construprefabricadas.com/images/thumb/1193489267.jfif]
[www.construprefabricadas.com/images/thumb/1526782686.jfif]
[www.construprefabricadas.com/images/thumb/277433059.jfif]
[www.construprefabricadas.com/images/thumb/1054056700.jfif]
[www.construprefabricadas.com/proyecto3f91.html]
[www.construprefabricadas.com/images/thumb/2069624256.jfif]
[www.construprefabricadas.com/images/show/1815954380.jpg]
[www.construprefabricadas.com/images/thumb/1700755050.jpg]
[www.construprefabricadas.com/images/thumb/1572506481.jpg]
[www.construprefabricadas.com/images/thumb/559351025.jpg]
[www.construprefabricadas.com/proyecto4133.html]
[www.construprefabricadas.com/images/thumb/1887696156.png]
[www.construprefabricadas.com/images/show/274034463.jpeg]
[www.construprefabricadas.com/images/thumb/1379888432.jpeg]
[www.construprefabricadas.com/images/thumb/1884991532.jpeg]
[www.construprefabricadas.com/images/thumb/311868954.jpeg]
[www.construprefabricadas.com/images/thumb/1743108980.jpeg]
[www.construprefabricadas.com/images/thumb/1846591646.jpeg]
[www.construprefabricadas.com/images/thumb/173762784.jpeg]
[www.construprefabricadas.com/images/thumb/2090063048.jpeg]
[www.construprefabricadas.com/proyecto5c8d.html]
[www.construprefabricadas.com/images/show/2043756584.jpeg]
[www.construprefabricadas.com/images/thumb/1020509610.jpeg]
[www.construprefabricadas.com/images/thumb/2054588565.jpeg]
[www.construprefabricadas.com/images/thumb/281606443.jpeg]
[www.construprefabricadas.com/images/thumb/880428219.jpeg]
[www.construprefabricadas.com/proyecto71b0.html]
[www.construprefabricadas.com/images/thumb/145801675.jpeg]
[www.construprefabricadas.com/images/show/258553572.jpeg]
[www.construprefabricadas.com/images/thumb/511366644.jpeg]
[www.construprefabricadas.com/images/thumb/666106256.jpeg]
[www.construprefabricadas.com/images/thumb/32620809.jpeg]
[www.construprefabricadas.com/proyecto651a.html]
[www.construprefabricadas.com/images/thumb/1697014470.jpeg]
[www.construprefabricadas.com/images/show/1161144252.jpg]
[www.construprefabricadas.com/images/thumb/629838284.jpg]
[www.construprefabricadas.com/images/thumb/1729401558.jpg]
[www.construprefabricadas.com/images/thumb/180000489.jpg]
[www.construprefabricadas.com/images/thumb/1531737782.jpg]
[www.construprefabricadas.com/images/thumb/194786132.jpg]
[www.construprefabricadas.com/proyecto39d7.html]
[www.construprefabricadas.com/images/thumb/1592185472.jpg]
[www.construprefabricadas.com/images/show/401780524.jpg]
[www.construprefabricadas.com/images/thumb/540364887.jpg]
[www.construprefabricadas.com/images/thumb/1548584600.jpg]
[www.construprefabricadas.com/images/thumb/644658475.jpg]
[www.construprefabricadas.com/images/thumb/352750847.jpg]
[www.construprefabricadas.com/proyecto4238.html]
[www.construprefabricadas.com/images/thumb/1665464000.jpg]
[www.construprefabricadas.com/images/show/1452695434.jpg]
[www.construprefabricadas.com/images/thumb/952124016.jpg]
[www.construprefabricadas.com/images/thumb/1241955218.jpg]
[www.construprefabricadas.com/images/thumb/602923939.jpg]
[www.construprefabricadas.com/images/thumb/1013135870.jpg]
[www.construprefabricadas.com/proyecto374c.html]
[www.construprefabricadas.com/images/show/659769615.jpg]
[www.construprefabricadas.com/images/thumb/1389268350.jpg]
[www.construprefabricadas.com/images/thumb/1702196000.jpg]
[www.construprefabricadas.com/images/thumb/425117020.jpg]
[www.construprefabricadas.com/images/thumb/1803482876.jpg]
[www.construprefabricadas.com/images/thumb/564211245.jpg]
[www.construprefabricadas.com/proyecto37bf.html]
[www.construprefabricadas.com/images/thumb/452940879.jpg]
[www.construprefabricadas.com/images/show/658961505.jpg]
[www.construprefabricadas.com/images/thumb/1749118661.jpg]
[www.construprefabricadas.com/images/thumb/1398582321.jpg]
[www.construprefabricadas.com/images/thumb/1278039044.jpg]
[www.construprefabricadas.com/images/thumb/1257862547.jpg]
[www.construprefabricadas.com/images/thumb/1587229275.jpg]
[www.construprefabricadas.com/proyecto7147.html]
[www.construprefabricadas.com/images/thumb/1716255462.jpg]
[www.construprefabricadas.com/images/show/417436725.jpg]
[www.construprefabricadas.com/images/thumb/794611200.jpg]
[www.construprefabricadas.com/images/thumb/846213030.jpg]
[www.construprefabricadas.com/images/thumb/681403877.jpg]
[www.construprefabricadas.com/images/thumb/1674468206.jpg]
[www.construprefabricadas.com/images/thumb/566133402.jpg]
[www.construprefabricadas.com/proyecto9b05.html]
[www.construprefabricadas.com/images/thumb/1645197085.jpg]
[www.construprefabricadas.com/images/show/442935113.jpg]
[www.construprefabricadas.com/images/thumb/1768293417.jpg]
[www.construprefabricadas.com/images/thumb/213065015.jpg]
[www.construprefabricadas.com/images/thumb/1191094266.jpg]
[www.construprefabricadas.com/images/thumb/2056066248.jpg]
[www.construprefabricadas.com/images/thumb/1786194771.jpg]
[www.construprefabricadas.com/images/thumb/2095338130.jpg]
[www.construprefabricadas.com/proyecto46f5.html]
[www.construprefabricadas.com/images/show/1389959447.jpg]
[www.construprefabricadas.com/images/thumb/928024371.jpg]
[www.construprefabricadas.com/images/thumb/354048938.jpg]
[www.construprefabricadas.com/images/thumb/144702628.jpg]
[www.construprefabricadas.com/images/thumb/1569891954.jpg]
[www.construprefabricadas.com/images/thumb/942589437.jpg]
[www.construprefabricadas.com/images/thumb/916284012.jpg]
[www.construprefabricadas.com/proyecto09c3.html]
[www.construprefabricadas.com/images/thumb/902673231.jpg]
[www.construprefabricadas.com/images/show/1705130125.jpg]
[www.construprefabricadas.com/images/thumb/1147585807.jpg]
[www.construprefabricadas.com/images/thumb/1968703342.jpg]
[www.construprefabricadas.com/images/thumb/253342687.jpg]
[www.construprefabricadas.com/images/thumb/2050529725.jpg]
[www.construprefabricadas.com/proyecto64d0.html]
[www.construprefabricadas.com/images/thumb/550057692.jpg]
[www.construprefabricadas.com/images/show/306625829.jpg]
[www.construprefabricadas.com/images/thumb/1681448586.jpg]
[www.construprefabricadas.com/images/thumb/1587261460.jpg]
[www.construprefabricadas.com/images/thumb/1771372841.jpg]
[www.construprefabricadas.com/proyecto9bb2.html]
[www.construprefabricadas.com/images/show/1296544906.jpg]
[www.construprefabricadas.com/images/thumb/1236670863.jpg]
[www.construprefabricadas.com/images/thumb/978179463.jpg]
[www.construprefabricadas.com/images/thumb/967255569.jpg]
[www.construprefabricadas.com/images/thumb/2126904332.jpg]
[www.construprefabricadas.com/images/thumb/1224224744.jpg]
[www.construprefabricadas.com/proyectocd7b.html]
[www.construprefabricadas.com/images/thumb/1898264566.jpg]
[www.construprefabricadas.com/images/show/1657004753.jpg]
[www.construprefabricadas.com/images/thumb/751708986.jpg]
[www.construprefabricadas.com/images/thumb/185174779.jpg]
[www.construprefabricadas.com/images/thumb/636840433.jpg]
[www.construprefabricadas.com/images/thumb/466583271.jpg]
[www.construprefabricadas.com/images/thumb/1444871763.jpg]
[www.construprefabricadas.com/proyecto294f.html]
[www.construprefabricadas.com/images/show/1333851522.jpg]
[www.construprefabricadas.com/images/thumb/912758222.jpg]
[www.construprefabricadas.com/images/thumb/1475263596.jpg]
[www.construprefabricadas.com/images/thumb/548708975.jpg]
[www.construprefabricadas.com/images/thumb/1769939108.jpg]
[www.construprefabricadas.com/images/thumb/2040199850.jpg]
[www.construprefabricadas.com/images/thumb/381499122.jpg]
[www.construprefabricadas.com/images/thumb/81991763.jpg]
[www.construprefabricadas.com/images/thumb/931173571.jpg]
[www.construprefabricadas.com/proyecto662f.html]
[www.construprefabricadas.com/images/show/1064872824.jpg]
[www.construprefabricadas.com/images/thumb/1479632663.jpg]
[www.construprefabricadas.com/images/thumb/1669976467.jpg]
[www.construprefabricadas.com/images/thumb/1639063472.jpg]
[www.construprefabricadas.com/images/thumb/1331978941.jpg]
[www.construprefabricadas.com/proyecto28aa.html]
[www.construprefabricadas.com/images/show/82032800.jpg]
[www.construprefabricadas.com/images/thumb/1941058492.jpg]
[www.construprefabricadas.com/images/thumb/1662195862.jpg]
[www.construprefabricadas.com/images/thumb/1946580345.jpg]
[www.construprefabricadas.com/images/thumb/492836533.jpg]
[www.construprefabricadas.com/proyecto02b6.html]
[www.construprefabricadas.com/images/thumb/2118574895.jpg]
[www.construprefabricadas.com/images/show/1730398207.jpg]
[www.construprefabricadas.com/images/thumb/1939282625.jpg]
[www.construprefabricadas.com/images/thumb/834440181.jpg]
[www.construprefabricadas.com/images/thumb/1979042563.jpg]
[www.construprefabricadas.com/images/thumb/92316312.jpg]
[www.construprefabricadas.com/images/thumb/1904189653.jpg]
[www.construprefabricadas.com/images/thumb/2120516407.jpg]
[www.construprefabricadas.com/proyectoe8ec.html]
[www.construprefabricadas.com/images/thumb/1049649574.jpg]
[www.construprefabricadas.com/images/show/1414685701.jpg]
[www.construprefabricadas.com/images/thumb/2120037460.jpg]
[www.construprefabricadas.com/images/thumb/724812859.jpg]
[www.construprefabricadas.com/images/thumb/647596453.jpg]
[www.construprefabricadas.com/images/thumb/1475793372.jpg]
[www.construprefabricadas.com/images/thumb/1703854787.jpg]
[www.construprefabricadas.com/images/thumb/1641182704.jpg]
[www.construprefabricadas.com/proyecto7845.html]
[www.construprefabricadas.com/images/show/1657482537.jpg]
[www.construprefabricadas.com/images/thumb/1631834200.jpg]
[www.construprefabricadas.com/images/thumb/470970901.jpg]
[www.construprefabricadas.com/images/thumb/1359265982.jpg]
[www.construprefabricadas.com/images/thumb/1840743633.jpg]
[www.construprefabricadas.com/proyectobc58.html]
[www.construprefabricadas.com/images/thumb/1545368870.jpg]
[www.construprefabricadas.com/images/show/1162029277.jpg]
[www.construprefabricadas.com/images/thumb/109426748.jpg]
[www.construprefabricadas.com/images/thumb/10317611.jpg]
[www.construprefabricadas.com/images/thumb/422758863.jpg]
[www.construprefabricadas.com/images/thumb/786303891.jpg]
[www.construprefabricadas.com/images/thumb/1315439298.jpg]
[www.construprefabricadas.com/images/thumb/1148308961.jpg]
[www.construprefabricadas.com/images/thumb/1345758940.jpg]
[www.construprefabricadas.com/proyectoe27e.html]
[www.construprefabricadas.com/images/thumb/535848594.jpg]
[www.construprefabricadas.com/images/show/1401174099.jpg]
[www.construprefabricadas.com/images/thumb/343048189.jpg]
[www.construprefabricadas.com/images/thumb/1232644088.jpg]
[www.construprefabricadas.com/images/thumb/232320149.jpg]
[www.construprefabricadas.com/images/thumb/581195122.jpg]
[www.construprefabricadas.com/images/thumb/1775914597.jpg]
[www.construprefabricadas.com/images/thumb/2050504466.jpg]
[www.construprefabricadas.com/proyecto619c.html]
[www.construprefabricadas.com/images/show/493065022.jpg]
[www.construprefabricadas.com/images/thumb/779918346.jpg]
[www.construprefabricadas.com/images/thumb/1659397596.jpg]
[www.construprefabricadas.com/images/thumb/1660005376.jpg]
[www.construprefabricadas.com/images/thumb/727759190.jpg]
[www.construprefabricadas.com/images/thumb/777742815.jpg]
[www.construprefabricadas.com/images/thumb/911538718.jpg]
[www.construprefabricadas.com/images/thumb/381284799.jpg]
[www.construprefabricadas.com/images/thumb/1832141017.jpg]
[www.construprefabricadas.com/proyecto2fc6.html]
[www.construprefabricadas.com/images/thumb/1682252488.jpg]
[www.construprefabricadas.com/images/show/1894926790.jpg]
[www.construprefabricadas.com/images/thumb/175902682.jpg]
[www.construprefabricadas.com/images/thumb/1140475731.jpg]
[www.construprefabricadas.com/images/thumb/1314851996.jpg]
[www.construprefabricadas.com/images/thumb/1826124866.jpg]
[www.construprefabricadas.com/images/thumb/398947745.jpg]
[www.construprefabricadas.com/images/thumb/1420070479.jpg]
[www.construprefabricadas.com/images/thumb/1894334204.jpg]
[www.construprefabricadas.com/images/thumb/1774583956.jpg]
[www.construprefabricadas.com/images/thumb/561851239.jpg]
[www.construprefabricadas.com/proyectoadbc.html]
[www.construprefabricadas.com/images/thumb/130958447.jpg]
[www.construprefabricadas.com/images/show/110050761.jpg]
[www.construprefabricadas.com/images/thumb/1340305200.jpg]
[www.construprefabricadas.com/proyecto7d36.html]
[www.construprefabricadas.com/images/thumb/2046430505.jpg]
[www.construprefabricadas.com/images/show/1602382373.jpg]
[www.construprefabricadas.com/images/thumb/696461235.jpg]
[www.construprefabricadas.com/images/thumb/983395168.jpg]
[www.construprefabricadas.com/proyecto2580.html]
[www.construprefabricadas.com/images/thumb/924898503.jpg]
[www.construprefabricadas.com/images/show/1904874026.jpg]
[www.construprefabricadas.com/images/thumb/1050969491.jpg]
[www.construprefabricadas.com/images/thumb/253365951.jpg]
[www.construprefabricadas.com/images/thumb/1483070206.jpg]
[www.construprefabricadas.com/images/thumb/1918734894.jpg]
[www.construprefabricadas.com/images/thumb/269900694.jpg]
[www.construprefabricadas.com/images/thumb/356184317.jpg]
[www.construprefabricadas.com/images/thumb/1202569948.jpg]
[www.construprefabricadas.com/images/thumb/942977565.jpg]
[www.construprefabricadas.com/proyecto6396.html]
[www.construprefabricadas.com/images/thumb/1091475211.jpg]
[www.construprefabricadas.com/images/show/700529876.jpg]
[www.construprefabricadas.com/images/thumb/431959369.jpg]
[www.construprefabricadas.com/images/thumb/2048902032.jpg]
[www.construprefabricadas.com/images/thumb/1582758617.jpg]
[www.construprefabricadas.com/images/thumb/1706797393.jpg]
[www.construprefabricadas.com/images/thumb/1433430361.jpg]
[www.construprefabricadas.com/images/thumb/1167271057.jpg]
[www.construprefabricadas.com/images/thumb/2060116182.jpg]
[www.construprefabricadas.com/images/thumb/910067604.jpg]
[www.construprefabricadas.com/proyecto9e43.html]
[www.construprefabricadas.com/images/thumb/1188166662.jpg]
[www.construprefabricadas.com/images/show/1746711739.jpg]
[www.construprefabricadas.com/images/thumb/627855776.jpg]
[www.construprefabricadas.com/images/thumb/438374744.jpg]
[www.construprefabricadas.com/images/thumb/29899867.jpg]
[www.construprefabricadas.com/proyectoea25.html]
[www.construprefabricadas.com/images/thumb/1633358106.jpg]
[www.construprefabricadas.com/images/show/762711096.jpg]
[www.construprefabricadas.com/images/thumb/253073324.jpg]
[www.construprefabricadas.com/images/thumb/1939454436.jpg]
[www.construprefabricadas.com/images/thumb/407087067.jpg]
[www.construprefabricadas.com/images/thumb/1854047916.jpg]
[www.construprefabricadas.com/images/thumb/1532731597.jpg]
[www.construprefabricadas.com/images/thumb/78518451.jpg]
[www.construprefabricadas.com/images/thumb/1600035708.jpg]
[www.construprefabricadas.com/images/thumb/1716853036.jpg]
[www.construprefabricadas.com/proyecto6258.html]
[www.construprefabricadas.com/images/show/1466579659.jpg]
[www.construprefabricadas.com/images/thumb/353674346.jpg]
[www.construprefabricadas.com/images/thumb/1884556285.jpg]
[www.construprefabricadas.com/images/thumb/2004767602.jpg]
[www.construprefabricadas.com/images/thumb/25401745.jpg]
[www.construprefabricadas.com/images/thumb/1664732658.jpg]
[www.construprefabricadas.com/images/thumb/242797438.jpg]
[www.construprefabricadas.com/images/thumb/466896459.jpg]
[www.construprefabricadas.com/images/thumb/1023413076.jpg]
[www.construprefabricadas.com/images/thumb/2258713.jpg]
[www.construprefabricadas.com/proyectod61c.html]
[www.construprefabricadas.com/images/thumb/1840450381.jpg]
[www.construprefabricadas.com/images/show/1892921570.jpg]
[www.construprefabricadas.com/images/thumb/844196151.jpg]
[www.construprefabricadas.com/images/thumb/736020155.jpg]
[www.construprefabricadas.com/images/thumb/1933452598.jpg]
[www.construprefabricadas.com/images/thumb/1193962405.jpg]
[www.construprefabricadas.com/images/thumb/1005944486.jpg]
[www.construprefabricadas.com/images/thumb/1066556537.jpg]
[www.construprefabricadas.com/proyecto4ef9.html]
[www.construprefabricadas.com/images/thumb/1416987225.jpg]
[www.construprefabricadas.com/images/show/885052571.jpg]
[www.construprefabricadas.com/images/thumb/211949664.jpg]
[www.construprefabricadas.com/images/thumb/1111114928.jpg]
[www.construprefabricadas.com/images/thumb/1206312403.jpg]
[www.construprefabricadas.com/images/thumb/1927866980.jpg]
[www.construprefabricadas.com/images/thumb/1531805307.jpg]
[www.construprefabricadas.com/images/thumb/188574009.jpg]
[www.construprefabricadas.com/images/thumb/165385484.jpg]
[www.construprefabricadas.com/images/thumb/944700708.jpg]
[www.construprefabricadas.com/images/thumb/1928209813.jpg]
[www.construprefabricadas.com/images/thumb/1276172934.jpg]
[www.construprefabricadas.com/proyecto0055.html]
[www.construprefabricadas.com/images/thumb/1868805760.jpg]
[www.construprefabricadas.com/images/show/1400621515.png]
[www.construprefabricadas.com/images/thumb/495007525.png]
[www.construprefabricadas.com/images/thumb/1318009922.jpg]
[www.construprefabricadas.com/images/thumb/1483567023.png]
[www.construprefabricadas.com/images/thumb/1221913036.png]
[www.construprefabricadas.com/images/thumb/1739297672.png]
[www.construprefabricadas.com/images/thumb/1873801269.png]
[www.construprefabricadas.com/images/thumb/1424041433.png]
[www.construprefabricadas.com/images/thumb/941234139.png]
[www.construprefabricadas.com/proyectof41b.html]
[www.construprefabricadas.com/images/thumb/1048692223.png]
[www.construprefabricadas.com/images/show/289935845.png]
[www.construprefabricadas.com/images/thumb/900168715.png]
[www.construprefabricadas.com/images/thumb/1075576663.jpg]
[www.construprefabricadas.com/images/thumb/1741645992.png]
[www.construprefabricadas.com/images/thumb/1131103954.png]
[www.construprefabricadas.com/images/thumb/1611515329.png]
[www.construprefabricadas.com/images/thumb/1724156190.png]
[www.construprefabricadas.com/images/thumb/1818605937.png]
[www.construprefabricadas.com/images/thumb/1262797636.png]
[www.construprefabricadas.com/images/thumb/594123143.png]
[www.construprefabricadas.com/proyecto8803.html]
[www.construprefabricadas.com/images/thumb/1490835982.png]
[www.construprefabricadas.com/images/show/1505075086.jpg]
[www.construprefabricadas.com/images/thumb/818797792.jpg]
[www.construprefabricadas.com/images/thumb/631781128.jpg]
[www.construprefabricadas.com/images/thumb/748136643.jpg]
[www.construprefabricadas.com/proyecto5255.html]
[www.construprefabricadas.com/images/thumb/792587377.jpg]
[www.construprefabricadas.com/images/show/95579166.jpg]
[www.construprefabricadas.com/images/thumb/664487330.jpg]
[www.construprefabricadas.com/images/thumb/1310806399.jpg]
[www.construprefabricadas.com/images/thumb/1771409290.jpg]
[www.construprefabricadas.com/images/thumb/67993232.jpg]
[www.construprefabricadas.com/images/thumb/1068681458.jpg]
[www.construprefabricadas.com/images/thumb/963175490.jpg]
[www.construprefabricadas.com/proyecto3a9f.html]
[www.construprefabricadas.com/images/show/1587270535.jpg]
[www.construprefabricadas.com/proyecto2770.html]
[www.construprefabricadas.com/images/thumb/2105248700.jpg]
[www.construprefabricadas.com/images/show/946647969.punta roca 016.jpg]
[www.construprefabricadas.com/images/thumb/1280481868.punta roca 017.jpg]
[www.construprefabricadas.com/images/thumb/1730242496.punta roca 018.jpg]
[www.construprefabricadas.com/images/thumb/854134061.punta roca 020.jpg]
[www.construprefabricadas.com/images/thumb/792449857.punta roca 010.jpg]
[www.construprefabricadas.com/proyecto2815.html]
[www.construprefabricadas.com/images/show/1434928596.jpg]
[www.construprefabricadas.com/images/thumb/2035545776.jpg]
[www.construprefabricadas.com/images/thumb/1013348598.jpg]
[www.construprefabricadas.com/images/thumb/670978968.jpg]
[www.construprefabricadas.com/images/thumb/122394339.jpg]
[www.construprefabricadas.com/images/thumb/212543382.jpg]
[www.construprefabricadas.com/images/thumb/668699049.jpg]
[www.construprefabricadas.com/images/thumb/1733912168.jpg]
[www.construprefabricadas.com/images/thumb/1569958878.jpg]
[www.construprefabricadas.com/images/thumb/88194672.jpg]
[www.construprefabricadas.com/proyecto3221.html]
[www.construprefabricadas.com/images/show/414544631.jpg]
[www.construprefabricadas.com/images/thumb/1452840213.jpg]
[www.construprefabricadas.com/images/thumb/1228759738.jpg]
[www.construprefabricadas.com/images/thumb/2032126418.jpg]
[www.construprefabricadas.com/images/thumb/1113157570.jpg]
[www.construprefabricadas.com/images/thumb/2137741910.jpg]
[www.construprefabricadas.com/proyectoef73.html]
[www.construprefabricadas.com/images/thumb/1098999583.jpg]
[www.construprefabricadas.com/images/show/850767816.png]
[www.construprefabricadas.com/images/thumb/253945410.png]
[www.construprefabricadas.com/proyectoa9d2.html]
[www.construprefabricadas.com/images/show/1027161379.jpg]
[www.construprefabricadas.com/images/thumb/1099480399.jpg]
[www.construprefabricadas.com/images/thumb/1789622357.jpg]
[www.construprefabricadas.com/proyecto367a.html]
[www.construprefabricadas.com/images/show/1942585038.jpg]
[www.construprefabricadas.com/images/thumb/1399380587.jpg]
[www.construprefabricadas.com/images/thumb/43862608.jpg]
[www.construprefabricadas.com/images/thumb/2002026445.jpg]
[www.construprefabricadas.com/proyectoc17f.html]
[www.construprefabricadas.com/images/show/1829082461.jpeg]
[www.construprefabricadas.com/proyectod5b4.html]
[www.construprefabricadas.com/images/thumb/420156766.jpeg]
[www.construprefabricadas.com/images/show/2105717172.imagen 157.jpg]
[www.construprefabricadas.com/images/thumb/1086128759.imagen 165.jpg]
[www.construprefabricadas.com/proyecto0724.html]
[www.construprefabricadas.com/images/thumb/859668518.imagen 155.jpg]
[www.construprefabricadas.com/images/show/683378319.whatsapp image 2016-11-03 at 8.20.00 am.jpeg]
[www.construprefabricadas.com/images/thumb/191625517.whatsapp image 2016-11-03 at 8.19.58 am.jpeg]
[www.construprefabricadas.com/images/thumb/1074959861.whatsapp image 2016-11-03 at 8.20.04 am.jpeg]
[www.construprefabricadas.com/proyectoe783.html]
[www.construprefabricadas.com/images/thumb/1487087050.whatsapp image 2016-11-03 at 8.20.06 am.jpeg]
[www.construprefabricadas.com/images/show/1733266648.img-20151009-wa0004.jpg]
[www.construprefabricadas.com/images/thumb/421205780.img-20151009-wa0005.jpg]
[www.construprefabricadas.com/proyecto5ea1.html]
[www.construprefabricadas.com/images/show/232218984.volcan2.jpg]
[www.construprefabricadas.com/images/thumb/974383829.volcan3.jpg]
[www.construprefabricadas.com/proyecto475d.html]
[www.construprefabricadas.com/images/thumb/277672528.vocan4.jpg]
[www.construprefabricadas.com/images/show/1789852989.jpg]
[www.construprefabricadas.com/images/thumb/1471113715.jpg]
[www.construprefabricadas.com/proyecto011a.html]
[www.construprefabricadas.com/images/thumb/1626801203.jpg]
[www.construprefabricadas.com/images/show/1449381730.jpg]
[www.construprefabricadas.com/images/thumb/1576371491.jpg]
[www.construprefabricadas.com/images/thumb/585637718.jpg]
[www.construprefabricadas.com/proyecto1e85.html]
[www.construprefabricadas.com/images/thumb/1849493936.jpg]
[www.construprefabricadas.com/images/show/267342187.jpg]
[www.construprefabricadas.com/images/thumb/1485752312.jpg]
[www.construprefabricadas.com/images/thumb/178061700.jpg]
[www.construprefabricadas.com/images/thumb/1105214045.jpg]
[www.construprefabricadas.com/proyecto3ca5.html]
[www.construprefabricadas.com/images/thumb/87628808.jpg]
[www.construprefabricadas.com/images/show/1969752142.jpg]
[www.construprefabricadas.com/images/thumb/1340973264.jpg]
[www.construprefabricadas.com/images/thumb/1270288507.jpg]
[www.construprefabricadas.com/images/thumb/1999017963.jpg]
[www.construprefabricadas.com/proyectofddb.html]
[www.construprefabricadas.com/images/thumb/77740488.jpg]
[www.construprefabricadas.com/images/show/2094410727.jpg]
[www.construprefabricadas.com/images/thumb/1613771226.jpg]
[www.construprefabricadas.com/proyectof62c.html]
[www.construprefabricadas.com/images/thumb/539178921.jpg]
[www.construprefabricadas.com/images/show/759544759.jpg]
[www.construprefabricadas.com/images/thumb/1940670947.jpg]
[www.construprefabricadas.com/proyecto40ac.html]
[www.construprefabricadas.com/images/thumb/1996230272.jpg]
[www.construprefabricadas.com/images/show/794339051.jpg]
[www.construprefabricadas.com/proyecto2728.html]
[www.construprefabricadas.com/images/thumb/715103949.jpg]
[www.construprefabricadas.com/images/show/1454425159.jpg]
[www.construprefabricadas.com/images/thumb/294588810.jpg]
[www.construprefabricadas.com/proyecto7429.html]
[www.construprefabricadas.com/images/thumb/853666340.jpg]
[www.construprefabricadas.com/images/show/2123070996.jpeg]
[www.construprefabricadas.com/images/thumb/913845246.jpg]
[www.construprefabricadas.com/images/thumb/749559810.jpeg]
[www.construprefabricadas.com/images/thumb/941392859.jpeg]
[www.construprefabricadas.com/images/thumb/1810734535.jpeg]
[www.construprefabricadas.com/images/thumb/231538304.jpeg]
[www.construprefabricadas.com/images/thumb/519308902.jpg]
[www.construprefabricadas.com/images/thumb/1168290835.jpg]
[www.construprefabricadas.com/proyecto97d4.html]
[www.construprefabricadas.com/images/thumb/1653608579.jpeg]
[www.construprefabricadas.com/proyectoc3c9.html]
[www.construprefabricadas.com/popper.html]
[www.construprefabricadas.com/proyectoa2ea.html]
[www.construprefabricadas.com/proyectoa916.html]
[www.construprefabricadas.com/images/thumb/994137692.html]
[www.construprefabricadas.com/images/thumb/2098305612.test.html]
[www.construprefabricadas.com/proyecto4944.html]
[www.construprefabricadas.com/proyecto87f1.html]
